{"mergedOptions":{"firstAttr":"new","secondAttr":"old","newAttr":"new"},"array":["new"],"coffeeAttr":"new","newAttr":"new","jsonAttr":"new","yamlAttr":"new"}